
> notionclone@0.1.0 build
> next build

Γû▓ Next.js 16.1.6 (Turbopack)
- Environments: .env.local

node.exe : ΓÜá The 
"middleware" file 
convention is 
deprecated. Please 
use "proxy" instead. 
Learn more: https://n
extjs.org/docs/messag
es/middleware-to-prox
y
At C:\Program Files\n
odejs\npm.ps1:29 
char:3
+   & $NODE_EXE 
$NPM_CLI_JS $args
+   ~~~~~~~~~~~~~~~~~
~~~~~~~~~~~~
    + CategoryInfo   
           : NotSpe  
  cified: (ΓÜá The   
  "middle...lewar    
e-to-proxy:Strin    
g) [], RemoteExc    
eption
    + FullyQualified 
   ErrorId : Native  
  CommandError
 
  Creating an optimized production build ...

> Build error 
occurred
Error: Turbopack 
build failed with 2 
errors:
./src/app/page/[pageI
d]/page.jsx:25:1
Export importBlocksFr
omPublicPage doesn't 
exist in target 
module
[0m [90m 23 |[39m 
[36mimport[39m { [
33mEditorSkeleton[39
m[33m,[39m [33mSid
ebar[39m[33m,[39m 
[33mChatWidget[39m
[33m,[39m [33mDelet
eConfirmMenu[39m[33
m,[39m [33mUnsavedG
uardModal[39m[33m,
[39m [33mImportModal
[39m } 
[36mfrom[39m [32m'
@/components/ui'[39m
[33m;[39m
 [90m 24 |[39m 
[36mimport[39m { 
useAuth } 
[36mfrom[39m [32m'
@/hooks/useAuth'[39m
[33m;[39m
[31m[1m>[22m[39m
[90m 25 |[39m 
[36mimport[39m 
[33m*[39m 
[36mas[39m api 
[36mfrom[39m [32m'
@/lib/apiClient'[39m
[33m;[39m
 [90m    |[39m [31
m[1m^[22m[39m[31m
[1m^[22m[39m[31m
[1m^[22m[39m[31m[
1m^[22m[39m[31m[1
m^[22m[39m[31m[1m
^[22m[39m[31m[1m^
[22m[39m[31m[1m^
[22m[39m[31m[1m^[
22m[39m[31m[1m^[2
2m[39m[31m[1m^[22
m[39m[31m[1m^[22m
[39m[31m[1m^[22m
[39m[31m[1m^[22m[
39m[31m[1m^[22m[3
9m[31m[1m^[22m[39
m[31m[1m^[22m[39m
[31m[1m^[22m[39m
[31m[1m^[22m[39m[
31m[1m^[22m[39m[3
1m[1m^[22m[39m[31
m[1m^[22m[39m[31m
[1m^[22m[39m[31m
[1m^[22m[39m[31m[
1m^[22m[39m[31m[1
m^[22m[39m[31m[1m
^[22m[39m[31m[1m^
[22m[39m[31m[1m^
[22m[39m[31m[1m^[
22m[39m[31m[1m^[2
2m[39m[31m[1m^[22
m[39m[31m[1m^[22m
[39m[31m[1m^[22m
[39m[31m[1m^[22m[
39m[31m[1m^[22m[3
9m[31m[1m^[22m[39
m[31m[1m^[22m[39m
[31m[1m^[22m[39m
 [90m 26 |[39m 
[36mimport[39m { 
handleAIResult } 
[36mfrom[39m [32m'
@/lib/aiActionHandler
'[39m[33m;[39m
 [90m 27 |[39m 
[36mimport[39m { 
usePageTitles } 
[36mfrom[39m [32m'
@/contexts/PageTitleC
ontext'[39m[33m;[3
9m
 [90m 28 |[39m 
[36mimport[39m 
{[0m

The export importBloc
ksFromPublicPage was 
not found in module [
project]/src/lib/apiC
lient.js 
[app-client] 
(ecmascript).
Did you mean to 
import createBlock?
All exports of the 
module are 
statically known (It 
doesn't have dynamic 
exports). So it's 
known statically 
that the requested 
export doesn't exist.

Import traces:
  Client Component 
Browser:
    ./src/app/page/[p
ageId]/page.jsx 
[Client Component 
Browser]
    ./src/app/page/[p
ageId]/page.jsx 
[Server Component]

  Client Component 
SSR:
    ./src/app/page/[p
ageId]/page.jsx 
[Client Component 
SSR]
    ./src/app/page/[p
ageId]/page.jsx 
[Server Component]


./src/app/page/[pageI
d]/page.jsx:25:1
Export importBlocksFr
omPublicPage doesn't 
exist in target 
module
[0m [90m 23 |[39m 
[36mimport[39m { [
33mEditorSkeleton[39
m[33m,[39m [33mSid
ebar[39m[33m,[39m 
[33mChatWidget[39m
[33m,[39m [33mDelet
eConfirmMenu[39m[33
m,[39m [33mUnsavedG
uardModal[39m[33m,
[39m [33mImportModal
[39m } 
[36mfrom[39m [32m'
@/components/ui'[39m
[33m;[39m
 [90m 24 |[39m 
[36mimport[39m { 
useAuth } 
[36mfrom[39m [32m'
@/hooks/useAuth'[39m
[33m;[39m
[31m[1m>[22m[39m
[90m 25 |[39m 
[36mimport[39m 
[33m*[39m 
[36mas[39m api 
[36mfrom[39m [32m'
@/lib/apiClient'[39m
[33m;[39m
 [90m    |[39m [31
m[1m^[22m[39m[31m
[1m^[22m[39m[31m
[1m^[22m[39m[31m[
1m^[22m[39m[31m[1
m^[22m[39m[31m[1m
^[22m[39m[31m[1m^
[22m[39m[31m[1m^
[22m[39m[31m[1m^[
22m[39m[31m[1m^[2
2m[39m[31m[1m^[22
m[39m[31m[1m^[22m
[39m[31m[1m^[22m
[39m[31m[1m^[22m[
39m[31m[1m^[22m[3
9m[31m[1m^[22m[39
m[31m[1m^[22m[39m
[31m[1m^[22m[39m
[31m[1m^[22m[39m[
31m[1m^[22m[39m[3
1m[1m^[22m[39m[31
m[1m^[22m[39m[31m
[1m^[22m[39m[31m
[1m^[22m[39m[31m[
1m^[22m[39m[31m[1
m^[22m[39m[31m[1m
^[22m[39m[31m[1m^
[22m[39m[31m[1m^
[22m[39m[31m[1m^[
22m[39m[31m[1m^[2
2m[39m[31m[1m^[22
m[39m[31m[1m^[22m
[39m[31m[1m^[22m
[39m[31m[1m^[22m[
39m[31m[1m^[22m[3
9m[31m[1m^[22m[39
m[31m[1m^[22m[39m
[31m[1m^[22m[39m
 [90m 26 |[39m 
[36mimport[39m { 
handleAIResult } 
[36mfrom[39m [32m'
@/lib/aiActionHandler
'[39m[33m;[39m
 [90m 27 |[39m 
[36mimport[39m { 
usePageTitles } 
[36mfrom[39m [32m'
@/contexts/PageTitleC
ontext'[39m[33m;[3
9m
 [90m 28 |[39m 
[36mimport[39m 
{[0m

The export importBloc
ksFromPublicPage was 
not found in module [
project]/src/lib/apiC
lient.js [app-ssr] 
(ecmascript).
Did you mean to 
import createBlock?
All exports of the 
module are 
statically known (It 
doesn't have dynamic 
exports). So it's 
known statically 
that the requested 
export doesn't exist.

Import traces:
  Client Component 
Browser:
    ./src/app/page/[p
ageId]/page.jsx 
[Client Component 
Browser]
    ./src/app/page/[p
ageId]/page.jsx 
[Server Component]

  Client Component 
SSR:
    ./src/app/page/[p
ageId]/page.jsx 
[Client Component 
SSR]
    ./src/app/page/[p
ageId]/page.jsx 
[Server Component]


    at <unknown> (./s
rc/app/page/[pageId]/
page.jsx:25:1)
    at <unknown> (./s
rc/app/page/[pageId]/
page.jsx:25:1)
